addraddraddr
0x400295aF2FDc688db81249B44A303700ab43e919
0x72521a85916e0Ae2eA10C0Da5BfA7a6ED78845F1
0xf6d3e1f38dF9B7C3EB8a6E4f50BE29DDB4dF12ca
0xe6967E174f7A195ADCB833929e37240875e4d7cB
0xe4D233b000e79d3C8B4F7d4602f52ea54AEBa375
0x01e72F0C41F8731d4F09dAD831A11dDDa65224a5
0xAC8697d2A1E64707733ce59A4eFbD64Ea5D4198f
0x37F08c7Bd095B7C5E0C3c3Cc3FE00B44E41Ca4f5
0xf24D588142D0a1FC2B6D27cB32D8c7f159b45C88
0x9788ba2902b9B355792e44FCf171A269fcD0719B
0x48fa129087b226ea0b0ba90c5308301BD25462AD
0xb35fd339111929c31339d077336831C00A11579f
0xae6B81d5BA50c50ea31Bc6c25F939a2876cd31f5
0xdAE446F939e5DD356d1E1d7a845F0F7F88B42441
0x303be27a459b6855197052e4526994116ce3C3B1
0xc0A524D1d73dD3881D6C5bF9F3fAAEf57d944d48
0x1dcC750D2A582fDc4Ed746a64b04A96526735659
0xD1Ba38179a714C39D5D877724cfAad4dF56ffc24
0x47e70bED41f7fd731f4B8d5035d6eDAD149FE454
0xd0ee36dd05B585aD3d224D8722050a813128DcEA
0x637F12B6371D628142259B96648188367512CdAa
0x8ab83D869f2Bc250b781D26F6584fd5c562FdD9D
0x0A5e308151b10790dd11b3AA6a46A3E9F497a3de
0xCe4D778c2dfF304743baAda2bCe8E6cf16Fb2481
0x0383836A4FE8a20636c793c1A59Fd13Aa6593F2d
0xC92C6BF4dA779754D92Fb9798fc55091a0e33F88
0x052FfD4436Ad5Ffc2AFA5ba5AEF4D43B4eca74bd
0xb59825AfBba29d5257F877A8a64265c3A10fC2Ab
0xB03E4bE014aF4161e6Dc3DaC53Df648F5ce2CB38
0x9758823b73C4c378c102A901D1C9671044475d54
0x6A55f843244E00B31334A541d80AF87Bc82e997E
0x3D897FBfB42F8584e0940eda46EfbeB67c2023EF
0x1d25D3593bD1624111357bf311CC6bedE4600148
0xbcc84dD5456fab41D2AbE9d54c7a1Abc8e74cD7e
0xB5de6C942a4dDF3d15Ef1A6A6150eAB78D9f055A
0x12C035FC321A312E11a171F1d1239623769399D7